✔ B2-1 claims start before yielding to a concurrent call (12.456834ms)
✔ B2-1 marks accept as accepting before publish and rejects a duplicate (123.400542ms)
✔ B2-2 shares the publish claim with regenerate during accept (33.921625ms)
✔ B2-2 rechecks the expected base inside the claimed publish section (1.8265ms)
✔ B2-3 reconnects to an in-flight stream through done and cleans up on response close (12.547625ms)
✔ B2-4 requires confirmation for manual facts absent from the ledger (23.810333ms)
✔ B2-4 rechecks selected proposal ops even if their flags are absent (31.225959ms)
✔ B2-5 applies proposal accept manualOps in the same saved run (34.210792ms)
✔ B2-7 keeps v0 pinned without calling it starred (3.475916ms)
✔ B2-8 lets only one of a racing reject and accept finish (35.494542ms)
✔ B2-9 validates the proposal and manual edit as one shape-valid batch (51.898709ms)
✔ B2-10 rejects a moved base after the publish claim is first read (28.922333ms)
✔ B2-12 preserves a stranded accepting status until rejection removes it (6.18ms)
✔ service path validates proposal, stream, commit, restore and stale PDF without loopback (67.630625ms)
✔ service SSE emits blocked shape and Stop retains validated partial ops (26.035458ms)
✔ SCRP-B1 held-measuring Stop persists only partial and unique opIds (7.209041ms)
✔ SCRP-B2 processing exception after Stop preserves partial; repeated Stop and reconnect agree (6.644541ms)
✔ SCRP-B3 reject drains queued writes without resurrecting a proposal (5.027458ms)
✔ SCRP-B4 GET open projects safe fields across restart and sibling documents (13.689708ms)
✔ SCRP-B5 GET open excludes finished empty and expired rows without filesystem changes (13.700709ms)
✔ SCRP-B6 GET open returns explicit multiple-open conflict and inherits path/auth guards (15.305958ms)
✔ SCRP-B7 restarted pending stream resets ops and journal before reprocessing (8.550416ms)
✔ GET versions and model expose immutable runs, nodes and 404 errors (8.534375ms)
✔ legacy duplicate node ids do not block version history or read-only preview (21.370125ms)
✔ POST preview renders base plus validated ops without a browser (6.204042ms)
✔ POST preview renders valid draft models that fall outside edit shape limits (73.344584ms)
✔ POST edits enforces stale base and one open proposal; SSE event order and shape (20.785209ms)
✔ POST stop retains partial ops and rejects an unknown proposal (18.2805ms)
✔ POST accept writes selected ops as a new run and rejects unconfirmed or stale edits (37.353041ms)
✔ POST accept returns 503 browser_unavailable after saving HTML and a stale-PDF run (19.908041ms)
✔ DELETE proposal rejects all and leaves the run untouched (4.452041ms)
✔ POST manual saves a manual version and rejects cross-document ops (19.729875ms)
✔ POST restore appends a new run without deleting its source and errors on an unknown source (20.71325ms)
✔ PUT star stores only stars in versions.json and keeps v0 pinned (33.210292ms)
✔ all Scribe routes honor pending.json before edits (4.928375ms)
✔ edits historical single-document runs without validating an unrequested shell (41.579666ms)
✔ all-scope proposals stay within the selected document (6.109875ms)
✔ manual edits and restores retain the historical source document feature (28.492708ms)
✔ keeps malformed requested documents and ambiguous both-document runs blocked (5.099834ms)
✔ edits the latest version of either document after a sibling-only run (46.014334ms)
✔ rejected repair versions cannot become the current editable document (5.01575ms)
✔ allows retry after every proposed edit was blocked (7.279875ms)
✔ editing an older combined run preserves the newer sibling document (40.124ms)
✔ edits a legacy two-paragraph letter using its existing sentences (17.9605ms)
✔ keeps unsplittable legacy letters and other invalid models blocked (2.495125ms)
✔ legacy paragraph splitting preserves link labels and refuses ambiguous shapes (10.597042ms)
ℹ tests 46
ℹ suites 0
ℹ pass 46
ℹ fail 0
ℹ cancelled 0
ℹ skipped 0
ℹ todo 0
ℹ duration_ms 1287.815958
