✔ B2-1 claims start before yielding to a concurrent call (11.679292ms)
✔ B2-1 marks accept as accepting before publish and rejects a duplicate (107.6105ms)
✔ B2-2 shares the publish claim with regenerate during accept (28.519292ms)
✔ B2-2 rechecks the expected base inside the claimed publish section (1.806708ms)
✔ B2-3 reconnects to an in-flight stream through done and cleans up on response close (11.212083ms)
✔ B2-4 requires confirmation for manual facts absent from the ledger (51.973667ms)
✔ B2-4 rechecks selected proposal ops even if their flags are absent (48.251333ms)
✔ B2-5 applies proposal accept manualOps in the same saved run (38.130708ms)
✔ B2-7 keeps v0 pinned without calling it starred (2.418667ms)
✔ B2-8 lets only one of a racing reject and accept finish (35.08175ms)
✔ B2-9 validates the proposal and manual edit as one shape-valid batch (30.033959ms)
✔ B2-10 rejects a moved base after the publish claim is first read (15.369083ms)
✔ B2-12 preserves a stranded accepting status until rejection removes it (3.496291ms)
✔ service path validates proposal, stream, commit, restore and stale PDF without loopback (59.014625ms)
✔ service SSE emits blocked shape and Stop retains validated partial ops (13.525084ms)
✔ SCRP-B1 held-measuring Stop persists only partial and unique opIds (8.751333ms)
✔ SCRP-B2 processing exception after Stop preserves partial; repeated Stop and reconnect agree (7.956417ms)
✔ SCRP-B3 reject drains queued writes without resurrecting a proposal (2.847875ms)
✔ SCRP-B4 GET open projects safe fields across restart and sibling documents (11.23575ms)
✔ SCRP-B5 GET open excludes finished empty and expired rows without filesystem changes (10.643333ms)
✔ SCRP-B6 GET open returns explicit multiple-open conflict and inherits path/auth guards (12.4505ms)
✔ SCRP-B7 restarted pending stream resets ops and journal before reprocessing (5.83925ms)
✔ GET versions and model expose immutable runs, nodes and 404 errors (4.88075ms)
✔ legacy duplicate node ids do not block version history or read-only preview (18.056958ms)
✔ POST preview renders base plus validated ops without a browser (5.278584ms)
✔ POST preview renders valid draft models that fall outside edit shape limits (50.763625ms)
✔ POST edits enforces stale base and one open proposal; SSE event order and shape (11.883ms)
✔ POST stop retains partial ops and rejects an unknown proposal (11.248875ms)
✔ POST accept writes selected ops as a new run and rejects unconfirmed or stale edits (22.913125ms)
✔ SCRP-B8 committed 503 accept manual restore include nonretryable run metadata; ordinary 503 stays ordinary (44.664375ms)
✔ SCRP-B9 committed save preserves sibling PDF on success and browser failure for both docs (53.861542ms)
✔ POST accept returns 503 browser_unavailable after saving HTML and a stale-PDF run (19.964791ms)
✔ DELETE proposal rejects all and leaves the run untouched (5.655167ms)
✔ POST manual saves a manual version and rejects cross-document ops (19.435375ms)
✔ SCRP-B10 restore adds n and versions for ready and stale PDFs (33.110333ms)
✔ POST restore appends a new run without deleting its source and errors on an unknown source (20.638583ms)
✔ PUT star stores only stars in versions.json and keeps v0 pinned (17.035333ms)
✔ all Scribe routes honor pending.json before edits (3.8835ms)
✔ edits historical single-document runs without validating an unrequested shell (43.063333ms)
✔ all-scope proposals stay within the selected document (5.2545ms)
✔ manual edits and restores retain the historical source document feature (24.306583ms)
✔ keeps malformed requested documents and ambiguous both-document runs blocked (3.279792ms)
✔ edits the latest version of either document after a sibling-only run (45.503916ms)
✔ rejected repair versions cannot become the current editable document (4.705959ms)
✔ allows retry after every proposed edit was blocked (6.222709ms)
✔ editing an older combined run preserves the newer sibling document (39.551958ms)
✔ edits a legacy two-paragraph letter using its existing sentences (35.523792ms)
✔ keeps unsplittable legacy letters and other invalid models blocked (2.976875ms)
✔ legacy paragraph splitting preserves link labels and refuses ambiguous shapes (20.348708ms)
ℹ tests 49
ℹ suites 0
ℹ pass 49
ℹ fail 0
ℹ cancelled 0
ℹ skipped 0
ℹ todo 0
ℹ duration_ms 1307.476917
