✖ SCRP-B10 restore adds n and versions for ready and stale PDFs (112.765708ms)
ℹ tests 1
ℹ suites 0
ℹ pass 0
ℹ fail 1
ℹ cancelled 0
ℹ skipped 0
ℹ todo 0
ℹ duration_ms 287.533792

✖ failing tests:

test at tests/integration/materials-edit-api.test.mjs:822:1
✖ SCRP-B10 restore adds n and versions for ready and stale PDFs (112.765708ms)
  AssertionError [ERR_ASSERTION]: Expected values to be strictly equal:

  undefined !== 1

      at TestContext.<anonymous> (file:///Users/emilionunezgarcia/Job-Bored.worktrees/scrp-be/tests/integration/materials-edit-api.test.mjs:827:14)
      at async Test.run (node:internal/test_runner/test:1113:7)
      at async startSubtestAfterBootstrap (node:internal/test_runner/harness:358:3) {
    generatedMessage: true,
    code: 'ERR_ASSERTION',
    actual: undefined,
    expected: 1,
    operator: 'strictEqual',
    diff: 'simple'
  }
