✔ B2-1 claims start before yielding to a concurrent call (11.301625ms)
✔ B2-1 marks accept as accepting before publish and rejects a duplicate (101.514209ms)
✔ B2-2 shares the publish claim with regenerate during accept (25.023625ms)
✔ B2-2 rechecks the expected base inside the claimed publish section (2.003708ms)
✔ B2-3 reconnects to an in-flight stream through done and cleans up on response close (11.062625ms)
✔ B2-4 requires confirmation for manual facts absent from the ledger (17.371584ms)
✔ B2-4 rechecks selected proposal ops even if their flags are absent (21.860416ms)
✔ B2-5 applies proposal accept manualOps in the same saved run (18.9185ms)
✔ B2-7 keeps v0 pinned without calling it starred (1.439459ms)
✔ B2-8 lets only one of a racing reject and accept finish (24.850875ms)
✔ B2-9 validates the proposal and manual edit as one shape-valid batch (22.834375ms)
✔ B2-10 rejects a moved base after the publish claim is first read (13.179125ms)
✔ B2-12 preserves a stranded accepting status until rejection removes it (3.112875ms)
✔ service path validates proposal, stream, commit, restore and stale PDF without loopback (45.061625ms)
✔ service SSE emits blocked shape and Stop retains validated partial ops (9.323709ms)
✔ SCRP-B1 held-measuring Stop persists only partial and unique opIds (4.447958ms)
✔ SCRP-B2 processing exception after Stop preserves partial; repeated Stop and reconnect agree (4.809875ms)
✔ SCRP-B17 reconnect cannot replay a queued done before its snapshot persists (3.897834ms)
✔ SCRP-B3 reject drains queued writes without resurrecting a proposal (2.473125ms)
✔ SCRP-B12 thrown SSE failures expose fixed code messages and no private exception text (16.656333ms)
✔ SCRP-B19 recovery and replay project safe legacy blocked/error rows without writing them (2.177708ms)
✔ SCRP-B4 GET open projects safe fields across restart and sibling documents (9.504875ms)
✔ SCRP-B5 GET open excludes finished empty and expired rows without filesystem changes (12.607ms)
✔ SCRP-B6 GET open returns explicit multiple-open conflict and inherits path/auth guards (11.762833ms)
✔ SCRP-B7 restarted pending stream resets ops and journal before reprocessing (4.922083ms)
✔ GET versions and model expose immutable runs, nodes and 404 errors (3.382375ms)
✔ legacy duplicate node ids do not block version history or read-only preview (15.135584ms)
✔ POST preview renders base plus validated ops without a browser (4.763958ms)
✔ POST preview renders valid draft models that fall outside edit shape limits (45.121667ms)
✔ POST edits enforces stale base and one open proposal; SSE event order and shape (10.584625ms)
✔ POST stop retains partial ops and rejects an unknown proposal (12.518042ms)
✔ POST accept writes selected ops as a new run and rejects unconfirmed or stale edits (22.144125ms)
✔ SCRP-B8 committed 503 accept manual restore include nonretryable run metadata; ordinary 503 stays ordinary (48.064833ms)
✔ SCRP-B9 committed save preserves sibling PDF on success and browser failure for both docs (47.344584ms)
✔ POST accept returns 503 browser_unavailable after saving HTML and a stale-PDF run (19.175292ms)
✔ DELETE proposal rejects all and leaves the run untouched (7.961667ms)
✔ SCRP-B14 manual returns 409 materials_pending for persisted same or sibling open proposals (178.135417ms)
✔ POST manual saves a manual version and rejects cross-document ops (16.620708ms)
✔ SCRP-B10 restore adds n and versions for ready and stale PDFs (29.323625ms)
✔ POST restore appends a new run without deleting its source and errors on an unknown source (24.503708ms)
✔ PUT star stores only stars in versions.json and keeps v0 pinned (25.801916ms)
✔ all Scribe routes honor pending.json before edits (3.974667ms)
✔ edits historical single-document runs without validating an unrequested shell (47.56825ms)
✔ all-scope proposals stay within the selected document (4.892958ms)
✔ manual edits and restores retain the historical source document feature (26.909125ms)
✔ keeps malformed requested documents and ambiguous both-document runs blocked (3.046416ms)
✔ edits the latest version of either document after a sibling-only run (43.278875ms)
✔ rejected repair versions cannot become the current editable document (5.6045ms)
✔ allows retry after every proposed edit was blocked (7.938084ms)
✔ editing an older combined run preserves the newer sibling document (42.11425ms)
✔ edits a legacy two-paragraph letter using its existing sentences (23.110375ms)
✔ keeps unsplittable legacy letters and other invalid models blocked (3.491542ms)
✔ legacy paragraph splitting preserves link labels and refuses ambiguous shapes (8.741083ms)
▶ materials edit proposal
  ✔ keeps only validated ops and reports their effect (53.488166ms)
  ✔ blocks locked spans, out-of-scope edits and shape violations (1.985542ms)
  ✔ flags invented numbers, names, dates and a missing insert claim (1.673708ms)
  ✔ flags lowercase tools, months, number words and a reused-word title (4.167625ms)
  ✔ flags title phrases regardless of case or function words (4.314791ms)
  ✔ leaves ordinary paraphrase words and inflections unflagged (7.533083ms)
  ✔ normalizes numeric punctuation, ranges and curly apostrophes (6.2875ms)
  ✔ checks every review-round novelty and trust case (39.022833ms)
  ✔ checks the plain text that applyOps stores (1.243625ms)
  ✔ keeps an invented fact unverified when a later op repeats it (2.164584ms)
  ✔ fences job posting, node and ledger data away from the instruction (0.785667ms)
  ✔ reports more than twenty percent loss (1.0445ms)
  ✔ SCRP-B13 writer diagnostic table covers every emitted code without payloads (0.06675ms)
  ✔ SCRP-B11 writer transport, unreadable reply and apply rejection have distinct safe codes (0.7005ms)
  ✔ SCRP-B18 blocked invalid ops retain only a safe decision ID, never provider payloads (0.416333ms)
  ✔ turns junk model output into a blocked empty proposal (0.140584ms)
✔ materials edit proposal (125.675625ms)
✔ assigns proposal-local IDs when the model omits edit IDs (0.955375ms)
✔ keeps duplicate IDs and malformed edit fields invalid (0.720417ms)
ℹ tests 71
ℹ suites 1
ℹ pass 71
ℹ fail 0
ℹ cancelled 0
ℹ skipped 0
ℹ todo 0
ℹ duration_ms 1394.919375
