✔ B2-1 claims start before yielding to a concurrent call (10.938167ms)
✔ B2-1 marks accept as accepting before publish and rejects a duplicate (103.100583ms)
✔ B2-2 shares the publish claim with regenerate during accept (24.329125ms)
✔ B2-2 rechecks the expected base inside the claimed publish section (1.765042ms)
✔ B2-3 reconnects to an in-flight stream through done and cleans up on response close (12.1285ms)
✔ B2-4 requires confirmation for manual facts absent from the ledger (17.146542ms)
✔ B2-4 rechecks selected proposal ops even if their flags are absent (21.839042ms)
✔ B2-5 applies proposal accept manualOps in the same saved run (17.747667ms)
✔ B2-7 keeps v0 pinned without calling it starred (1.232042ms)
✔ B2-8 lets only one of a racing reject and accept finish (24.806917ms)
✔ B2-9 validates the proposal and manual edit as one shape-valid batch (27.384583ms)
✔ B2-10 rejects a moved base after the publish claim is first read (14.636417ms)
✔ B2-12 preserves a stranded accepting status until rejection removes it (3.196125ms)
✔ service path validates proposal, stream, commit, restore and stale PDF without loopback (48.45175ms)
✔ service SSE emits blocked shape and Stop retains validated partial ops (10.516292ms)
✔ SCRP-B1 held-measuring Stop persists only partial and unique opIds (4.766375ms)
✔ SCRP-B2 processing exception after Stop preserves partial; repeated Stop and reconnect agree (5.537708ms)
✔ SCRP-B3 reject drains queued writes without resurrecting a proposal (2.598583ms)
✔ SCRP-B12 thrown SSE failures expose fixed code messages and no private exception text (19.142167ms)
✔ SCRP-B4 GET open projects safe fields across restart and sibling documents (10.997292ms)
✔ SCRP-B5 GET open excludes finished empty and expired rows without filesystem changes (9.701ms)
✔ SCRP-B6 GET open returns explicit multiple-open conflict and inherits path/auth guards (15.28275ms)
✔ SCRP-B7 restarted pending stream resets ops and journal before reprocessing (5.20225ms)
✔ GET versions and model expose immutable runs, nodes and 404 errors (5.119375ms)
✔ legacy duplicate node ids do not block version history or read-only preview (13.455084ms)
✔ POST preview renders base plus validated ops without a browser (5.230167ms)
✔ POST preview renders valid draft models that fall outside edit shape limits (43.812917ms)
✔ POST edits enforces stale base and one open proposal; SSE event order and shape (10.485375ms)
✔ POST stop retains partial ops and rejects an unknown proposal (10.23825ms)
✔ POST accept writes selected ops as a new run and rejects unconfirmed or stale edits (23.164125ms)
✔ SCRP-B8 committed 503 accept manual restore include nonretryable run metadata; ordinary 503 stays ordinary (40.948ms)
✔ SCRP-B9 committed save preserves sibling PDF on success and browser failure for both docs (38.309667ms)
✔ POST accept returns 503 browser_unavailable after saving HTML and a stale-PDF run (15.703458ms)
✔ DELETE proposal rejects all and leaves the run untouched (3.647833ms)
✔ SCRP-B14 manual returns 409 materials_pending for persisted same or sibling open proposals (142.59275ms)
✔ POST manual saves a manual version and rejects cross-document ops (13.106125ms)
✔ SCRP-B10 restore adds n and versions for ready and stale PDFs (22.603ms)
✔ POST restore appends a new run without deleting its source and errors on an unknown source (17.179042ms)
✔ PUT star stores only stars in versions.json and keeps v0 pinned (18.928833ms)
✔ all Scribe routes honor pending.json before edits (3.165542ms)
✔ edits historical single-document runs without validating an unrequested shell (35.537292ms)
✔ all-scope proposals stay within the selected document (4.180583ms)
✔ manual edits and restores retain the historical source document feature (23.814334ms)
✔ keeps malformed requested documents and ambiguous both-document runs blocked (2.333083ms)
✔ edits the latest version of either document after a sibling-only run (45.613416ms)
✔ rejected repair versions cannot become the current editable document (4.097833ms)
✔ allows retry after every proposed edit was blocked (7.298833ms)
✔ editing an older combined run preserves the newer sibling document (31.760708ms)
✔ edits a legacy two-paragraph letter using its existing sentences (18.100125ms)
✔ keeps unsplittable legacy letters and other invalid models blocked (1.501208ms)
✔ legacy paragraph splitting preserves link labels and refuses ambiguous shapes (8.107792ms)
ℹ tests 51
ℹ suites 0
ℹ pass 51
ℹ fail 0
ℹ cancelled 0
ℹ skipped 0
ℹ todo 0
ℹ duration_ms 1235.799292
