✖ SCRP-B1 held-measuring Stop persists only partial and unique opIds (16.053ms)
✖ SCRP-B2 processing exception after Stop preserves partial; repeated Stop and reconnect agree (7.234709ms)
✔ SCRP-B3 reject drains queued writes without resurrecting a proposal (3.423166ms)
ℹ tests 3
ℹ suites 0
ℹ pass 1
ℹ fail 2
ℹ cancelled 0
ℹ skipped 0
ℹ todo 0
ℹ duration_ms 235.875

✖ failing tests:

test at tests/integration/materials-edit-api.test.mjs:471:1
✖ SCRP-B1 held-measuring Stop persists only partial and unique opIds (16.053ms)
  AssertionError [ERR_ASSERTION]: Expected values to be strictly deep-equal:
  + actual - expected

    [
      'partial',
  +   'ready'
    ]

      at TestContext.<anonymous> (file:///Users/emilionunezgarcia/Job-Bored.worktrees/scrp-be/tests/integration/materials-edit-api.test.mjs:474:10)
      at async Test.run (node:internal/test_runner/test:1113:7)
      at async startSubtestAfterBootstrap (node:internal/test_runner/harness:358:3) {
    generatedMessage: true,
    code: 'ERR_ASSERTION',
    actual: [ 'partial', 'ready' ],
    expected: [ 'partial' ],
    operator: 'deepStrictEqual',
    diff: 'simple'
  }

test at tests/integration/materials-edit-api.test.mjs:481:1
✖ SCRP-B2 processing exception after Stop preserves partial; repeated Stop and reconnect agree (7.234709ms)
  AssertionError [ERR_ASSERTION]: Expected values to be strictly equal:

  1 !== 2

      at TestContext.<anonymous> (file:///Users/emilionunezgarcia/Job-Bored.worktrees/scrp-be/tests/integration/materials-edit-api.test.mjs:489:10)
      at async Test.run (node:internal/test_runner/test:1113:7)
      at async Test.processPendingSubtests (node:internal/test_runner/test:788:7) {
    generatedMessage: true,
    code: 'ERR_ASSERTION',
    actual: 1,
    expected: 2,
    operator: 'strictEqual',
    diff: 'simple'
  }
