▶ Scribe v2 shows the grade
  ✔ should put the open document's grade button in the header, named with grade and score (20.203166ms)
  ✔ should follow the document tab and the manifest (8.971125ms)
  ✔ should open the score modal from the button, and its Repair fills the composer (7.74525ms)
✔ Scribe v2 shows the grade (38.121791ms)
▶ Esc in the score modal over Scribe
  ✔ should close only the modal: the desk hears the key first and leaves it alone (3.296792ms)
✔ Esc in the score modal over Scribe (3.419208ms)
▶ U12 · a Scribe save tells the rows
  ✔ should emit jb:scribe:saved with the slug, the document and the new run (8.392ms)
✔ U12 · a Scribe save tells the rows (8.639709ms)
▶ scribe-v2-api stub: the C0 fixtures, not invented data
  ✔ should carry fixtures/model.json and sse-transcript.json verbatim (2.078292ms)
  ✔ should serve exactly the node ids the server derives from the model (1.2185ms)
✔ scribe-v2-api stub: the C0 fixtures, not invented data (3.733792ms)
▶ scribe-v2-api mode flag
  ✔ should talk to the real server unless the stub is asked for (1.838541ms)
  ✔ should use the stub only for ?scribe-api=stub or scribeV2Api: 'stub' (2.08075ms)
  ✔ should refuse to open without a package slug (0.77125ms)
✔ scribe-v2-api mode flag (4.859167ms)
▶ scribe-v2-api stub behaviour
  ✔ should list versions newest first in the §3.2 shape, with v0 pinned (2.153833ms)
  ✔ should keep a separate history per document (0.674958ms)
  ✔ should preview the package's real rendered file for each document (1.757083ms)
  ✔ should say which document failed when the preview file is missing (0.619458ms)
  ✔ should replay the SSE transcript in order and finish ready (0.867833ms)
  ✔ should refuse an empty or over-long instruction (0.598834ms)
  ✔ should rebase a stale request onto the current run instead of failing (1.006541ms)
  ✔ should end a stopped stream as partial (1.559375ms)
  ✔ should append, never replace, on accept and restore, and remember stars (0.793667ms)
✔ scribe-v2-api stub behaviour (10.339875ms)
▶ scribe-v2-api live mode: the SPEC §3.2 routes
  ✔ should call each route with its method, path and body (0.692084ms)
  ✔ should go through the hosted-auth transport when it is loaded (0.438292ms)
  ✔ should map a server refusal to one error shape (0.39275ms)
  ✔ should tell the user how to start a server that is not answering (0.405667ms)
  ✔ should retry a stale base once onto the current run (0.408ms)
  ✔ should read SSE frames split across chunks and skip heartbeats (0.925417ms)
✔ scribe-v2-api live mode: the SPEC §3.2 routes (3.358083ms)
▶ SCRP-F2 R1 open route and R2 truthful transport
  ✔ SCRP-F2 GET open is slug-bound and maps the server coverLetter name (0.815625ms)
  ✔ SCRP-F3 resume acceptEdit resolves only the committed 503 (1.205042ms)
  ✔ SCRP-F3 resume manualEdit resolves only the committed 503 (0.480125ms)
  ✔ SCRP-F3 resume restore resolves only the committed 503 (0.480333ms)
  ✔ SCRP-F3 cover_letter acceptEdit resolves only the committed 503 (0.386167ms)
  ✔ SCRP-F3 cover_letter manualEdit resolves only the committed 503 (0.382833ms)
  ✔ SCRP-F3 cover_letter restore resolves only the committed 503 (0.3675ms)
  ✔ SCRP-F4 ordinary 503 and incomplete committed bodies still fail (0.556959ms)
  ✔ SCRP-F5 api-error.v1 preserves safe copy, detail, nextStep and retryable (0.65125ms)
✔ SCRP-F2 R1 open route and R2 truthful transport (5.542ms)
▶ SCRP-F12 ASTRA-03 committed saves and ASTRA-05 safe stream diagnostics
  ✔ SCRP-F12 resume committed 503 clears review and emits one saved event (22.358542ms)
  ✔ SCRP-F13 resume blocked provider_failed uses safe per-code copy and action (3.681417ms)
  ✔ SCRP-F13 resume blocked unreadable_reply uses safe per-code copy and action (3.423ms)
  ✔ SCRP-F13 resume blocked invalid_model uses safe per-code copy and action (2.389291ms)
  ✔ SCRP-F13 resume error http_429 uses safe per-code copy and action (2.089542ms)
  ✔ SCRP-F13 resume error writer_truncated uses safe per-code copy and action (3.505083ms)
  ✔ SCRP-F13 resume error writer_blocked uses safe per-code copy and action (2.788833ms)
  ✔ SCRP-F13 resume error llm_unconfigured uses safe per-code copy and action (2.846417ms)
  ✔ SCRP-F12 cover_letter committed 503 clears review and emits one saved event (2.694792ms)
  ✔ SCRP-F13 cover_letter blocked provider_failed uses safe per-code copy and action (2.17275ms)
  ✔ SCRP-F13 cover_letter blocked unreadable_reply uses safe per-code copy and action (3.361792ms)
  ✔ SCRP-F13 cover_letter blocked invalid_model uses safe per-code copy and action (1.545542ms)
  ✔ SCRP-F13 cover_letter error http_429 uses safe per-code copy and action (1.411291ms)
  ✔ SCRP-F13 cover_letter error writer_truncated uses safe per-code copy and action (1.201625ms)
  ✔ SCRP-F13 cover_letter error writer_blocked uses safe per-code copy and action (1.336625ms)
  ✔ SCRP-F13 cover_letter error llm_unconfigured uses safe per-code copy and action (1.535458ms)
✔ SCRP-F12 ASTRA-03 committed saves and ASTRA-05 safe stream diagnostics (59.111084ms)
✔ SCRP-F30 resume a late committed save emits once for its original document (2.87925ms)
✔ SCRP-F30 cover_letter a late committed save emits once for its original document (2.462292ms)
✔ SCRP-F33 resume HTTP no-model has Settings and a kept request (2.870959ms)
✔ SCRP-F34 resume HTTP save rate-limit keeps the specific safe explanation (2.899833ms)
✔ SCRP-F33 cover_letter HTTP no-model has Settings and a kept request (2.7635ms)
✔ SCRP-F34 cover_letter HTTP save rate-limit keeps the specific safe explanation (1.93825ms)
▶ keyword coverage is free, whole-word and case-folded (C14)
  ✔ should count which of the posting's terms the text covers (3.493208ms)
  ✔ should not match a term inside a longer word (0.578666ms)
✔ keyword coverage is free, whole-word and case-folded (C14) (4.662792ms)
▶ the score adapter never shows a number it does not have (SCRIBE-02)
  ✔ should call an empty document empty, not scored (0.649083ms)
  ✔ should call a document with text but no score 'not scored', which is not a zero (0.512834ms)
  ✔ should keep loading and error apart, and never give an error a result (0.4745ms)
  ✔ should drop a finished score as soon as a newer run starts loading (0.450084ms)
  ✔ should hydrate from the state the bus already holds at mount (0.462958ms)
✔ the score adapter never shows a number it does not have (SCRIBE-02) (2.722666ms)
▶ the score adapter only spends on an explicit Rescore (SCRIBE-02)
  ✔ should ask the bus to re-broadcast and start no analysis (0.906584ms)
  ✔ should start exactly one analysis with the payload the real pipeline builds (0.975875ms)
  ✔ should not fire a second paid call while the first is loading (0.668708ms)
  ✔ should refuse an empty document with a reason (0.695209ms)
  ✔ should refuse without a bound role, since a score needs a job (0.535083ms)
✔ the score adapter only spends on an explicit Rescore (SCRIBE-02) (3.950583ms)
▶ the score adapter refuses another role's score (SCRIBE-02b)
  ✔ should not show a score measured against a different role (0.567958ms)
  ✔ should show the score again once the same role is scored (0.422333ms)
  ✔ should ignore the text hash, so an edit does not make its own score foreign (0.374709ms)
  ✔ should never refuse when no role is bound to contradict the score (0.377375ms)
✔ the score adapter refuses another role's score (SCRIBE-02b) (1.819792ms)
▶ jb:draft:saved means the save landed
  ✔ should be dispatched on the initial draft and both refine paths (0.042834ms)
  ✔ should fire only after saveGeneratedDraft resolved, inside the same try (0.178583ms)
  ✔ should carry the role, the document and the saved draft id (0.076541ms)
✔ jb:draft:saved means the save landed (0.35675ms)
▶ the v2 rail tells the truth about what is saved (from scribe-state)
  ✔ should say it is loading rather than claim the role has no versions (4.150292ms)
  ✔ should say so plainly when the document has no saved versions (8.104208ms)
✔ the v2 rail tells the truth about what is saved (from scribe-state) (12.38425ms)
✔ SCRP-F14 ASTRA-04 resume installs the exact rebase before streaming and marking (6.913458ms)
✔ SCRP-F14 ASTRA-04 cover_letter installs the exact rebase before streaming and marking (3.7755ms)
▶ diffWords: word-level Myers
  ✔ should find no change in identical text (1.006291ms)
  ✔ should mark one swapped word and keep the rest (0.151459ms)
  ✔ should always reproduce both sides exactly (0.825917ms)
  ✔ should fold an unchanged gap of two words into one change (0.087292ms)
  ✔ should keep an unchanged gap of three words as its own text (0.064458ms)
  ✔ should treat punctuation as its own token and keep figures whole (0.082083ms)
  ✔ should not call a template's line breaks an edit (0.067417ms)
  ✔ should mark a whole insertion or a whole removal (0.054875ms)
  ✔ should replace a block too large to diff rather than hang (2.192625ms)
✔ diffWords: word-level Myers (5.407083ms)
▶ changesFromOps: the structural diff by node id
  ✔ should give each op its glyph, block and word tallies (0.310375ms)
  ✔ should carry the Unverified flag from the server (0.099ms)
✔ changesFromOps: the structural diff by node id (0.501125ms)
▶ summarize: what saving now would do
  ✔ should count every change as proposed until it is decided (0.146ms)
  ✔ should drop a rejected change out of the words and the loss (0.071083ms)
  ✔ should stop counting an unverified change as to-check once it is confirmed (0.036875ms)
✔ summarize: what saving now would do (0.335417ms)
▶ markElement: marks written into the template's own markup
  ✔ should mark a rewrite around a bold metric and keep the metric's element (0.872125ms)
  ✔ should give screen readers inserted and deleted boundaries (0.157ms)
  ✔ should strike every text run of a removed block, nested ones too (0.117916ms)
  ✔ should put an insertion at the end of the block (0.090458ms)
  ✔ should fill a copied neighbour so a new block keeps the template's structure (0.133959ms)
  ✔ should write a new bullet into the content, not a metric kicker (Grok F2-LEAD) (0.0735ms)
  ✔ should put a block back exactly as it was (0.19375ms)
✔ markElement: marks written into the template's own markup (1.745958ms)
▶ markStyles: one stylesheet for marks in a frame
  ✔ should read every colour from the app's tokens (0.205417ms)
✔ markStyles: one stylesheet for marks in a frame (0.237583ms)
▶ A proposal lands as marks on the render
  ✔ should mark each op in its block and list it in the rail in reading order (29.233209ms)
  ✔ should say the summary line and name each control for a screen reader (10.941542ms)
  ✔ should keep the loss banner away while 20% or less is removed (7.506542ms)
  ✔ should list a change the template doesn't render, first, without crashing (9.674042ms)
  ✔ should word the blocked-op chat line by its reason (6.1405ms)
✔ A proposal lands as marks on the render (65.626792ms)
▶ Review keys (SPEC §4)
  ✔ should walk the changes with j and k and focus each one's note (5.122625ms)
  ✔ should accept with a and reject with r, on the focused change only (6.141167ms)
  ✔ should not decide anything on a or r before a change is picked (5.105458ms)
  ✔ should accept every verified change on Shift+A and leave the unverified one (3.316583ms)
  ✔ should hide the marks on D and bring them back (3.413958ms)
  ✔ should ignore every review key while typing in the composer (2.9295ms)
✔ Review keys (SPEC §4) (26.5235ms)
▶ The same controls by mouse
  ✔ should decide from the rail's ✓ and ✗, and undo (3.301875ms)
  ✔ should accept all but the unverified, then count it in Save as v5 (5.383417ms)
  ✔ should toggle Show changes from the header button (4.173667ms)
  ✔ should reject all, then offer to close without saving (4.363125ms)
  ✔ should not save with nothing accepted (2.855083ms)
✔ The same controls by mouse (20.518917ms)
▶ Saving
  ✔ should save the accepted ops, confirming the unverified one, from the Save button (3.026792ms)
  ✔ should save by itself once every change is decided and the desk sits idle (2.312417ms)
✔ Saving (5.441125ms)
▶ Stop
  ✔ should keep the validated ops and mark the proposal partial (3.171625ms)
  ✔ should keep the ops the server validated when Stop lands before any op arrived (Grok F2-STOP) (2.508333ms)
  ✔ should still say so when Stop comes back with nothing (1.793833ms)
✔ Stop (7.610459ms)
▶ Review keys from inside the preview (Grok F2-KEYS)
  ✔ should take j, a, r, Shift+A and D pressed inside the page (2.626792ms)
  ✔ should leave Cmd/Ctrl combinations and other keys in the page alone (2.220458ms)
✔ Review keys from inside the preview (Grok F2-KEYS) (4.942458ms)
▶ Targets (SPEC §4, Grok F2-HIT)
  ✔ should give every rail and card control at least 32px on desktop (0.624833ms)
✔ Targets (SPEC §4, Grok F2-HIT) (0.686417ms)
▶ Scribe v2 is absent until a package binds it (R1)
  ✔ should put no Scribe node in the page on boot (4.685458ms)
  ✔ should mount nothing without a package slug (1.061291ms)
✔ Scribe v2 is absent until a package binds it (R1) (6.31625ms)
▶ Scribe v2 open
  ✔ should mount one modal dialog bound to the role's package (6.957459ms)
  ✔ should render the real document in a script-less sandboxed srcdoc iframe (4.073292ms)
  ✔ should list every version newest first, marking the current one (1.749959ms)
  ✔ should fill the composer from a chip without sending (1.860792ms)
  ✔ should switch documents through a real tablist (3.255083ms)
✔ Scribe v2 open (18.431167ms)
▶ Scribe v2 close
  ✔ should remove the node and return focus to the Edit button (2.12875ms)
  ✔ should close on Esc (2.377958ms)
  ✔ should stop a request in flight on the first Esc, not close (3.3065ms)
  ✔ should close when the role closes, and ignore it afterwards (0.949333ms)
  ✔ should find the live Edit button when the rows were repainted (0.857417ms)
  ✔ should keep exactly one desk when a second Edit opens (8.7075ms)
  ✔ should close when the boot contract unmounts the v2 surfaces (2.333916ms)
✔ Scribe v2 close (20.988792ms)
▶ Scribe v2 keeps the keyboard while it is open (F1-trap)
  ✔ should close on Esc even when focus has fallen to the page body (1.014209ms)
  ✔ should pull Tab from the page body back into the dialog (1.48775ms)
  ✔ should stop listening on the document once closed (0.936958ms)
  ✔ should keep focus on Stop when a stage tick re-renders it (3.908042ms)
  ✔ B1M-STAGE shows checking facts as the current step (1.803166ms)
  ✔ should hand focus to the composer when the run ends under a focused Stop (2.208417ms)
  ✔ should take Esc and Tab from inside the preview iframe (2.136083ms)
✔ Scribe v2 keeps the keyboard while it is open (F1-trap) (13.761167ms)
▶ Scribe v2 sizes to the visual viewport on a phone (F1-keyboard)
  ✔ should shrink the sheet above the keyboard and follow it (2.493292ms)
  ✔ should drop its visualViewport listeners on close (0.878ms)
  ✔ should leave the CSS sizing alone on a wide screen (0.7985ms)
✔ Scribe v2 sizes to the visual viewport on a phone (F1-keyboard) (4.253083ms)
▶ Scribe v2 speaks each result once (F1-announce)
  ✔ should keep the transcript a log but not a second live region (0.813916ms)
✔ Scribe v2 speaks each result once (F1-announce) (0.84875ms)
✔ SCRP-F1 skeleton supplies stable hidden recovery and outcome mounts (0.846792ms)
▶ SCRP-F6 ASTRA-01 persisted recovery for both documents
  ✔ SCRP-F6 resume close preserves one open request and its exact base (12.206292ms)
  ✔ SCRP-F6 resume switch preserves one open request and its exact base (10.516583ms)
  ✔ SCRP-F6 resume resubmit preserves one open request and its exact base (5.013042ms)
  ✔ SCRP-F7 resume deferred start then stop stops the late ID without mutating another editor (4.888667ms)
  ✔ SCRP-F7 resume deferred start then close stops the late ID without mutating another editor (5.94ms)
  ✔ SCRP-F7 resume deferred start then switch stops the late ID without mutating another editor (4.137417ms)
  ✔ SCRP-F7 resume deferred start then new editor stops the late ID without mutating another editor (2.808083ms)
  ✔ SCRP-F8 resume failed DELETE keeps changes and a 404 rechecks open once (2.86075ms)
  ✔ SCRP-F6 cover_letter close preserves one open request and its exact base (3.046292ms)
  ✔ SCRP-F6 cover_letter switch preserves one open request and its exact base (3.2265ms)
  ✔ SCRP-F6 cover_letter resubmit preserves one open request and its exact base (2.18775ms)
  ✔ SCRP-F7 cover_letter deferred start then stop stops the late ID without mutating another editor (2.370833ms)
  ✔ SCRP-F7 cover_letter deferred start then close stops the late ID without mutating another editor (2.045583ms)
  ✔ SCRP-F7 cover_letter deferred start then switch stops the late ID without mutating another editor (2.329875ms)
  ✔ SCRP-F7 cover_letter deferred start then new editor stops the late ID without mutating another editor (3.554ms)
  ✔ SCRP-F8 cover_letter failed DELETE keeps changes and a 404 rechecks open once (2.121458ms)
  ✔ SCRP-F9 missing GET open, 404 and network failure leave the desk usable (3.449209ms)
  ✔ SCRP-F10 materials_pending performs one open read: null (1.789958ms)
  ✔ SCRP-F10 materials_pending performs one open read: 409 (1.883666ms)
  ✔ SCRP-F10 materials_pending performs one open read: proposal (2.103459ms)
  ✔ SCRP-F11 accepting and multiple-open proposals have explicit discard controls (3.145291ms)
✔ SCRP-F6 ASTRA-01 persisted recovery for both documents (82.933625ms)
✔ SCRP-F15 resume base-load failure keeps the created ID recoverable (1.519792ms)
✔ SCRP-F16 resume stale recovery keeps Save CAS and reviews current without discarding (2.552458ms)
✔ SCRP-F15 cover_letter base-load failure keeps the created ID recoverable (1.854125ms)
✔ SCRP-F16 cover_letter stale recovery keeps Save CAS and reviews current without discarding (2.343542ms)
✔ SCRP-F17 resume detached SSE callbacks cannot mutate the sibling (1.910291ms)
✔ SCRP-F18 resume Continue retries an exact-base load and resets replayed ops (2.510166ms)
✔ SCRP-F19 resume failed Stop never reports Stopped and stays recoverable (1.825166ms)
✔ SCRP-F17 cover_letter detached SSE callbacks cannot mutate the sibling (1.746ms)
✔ SCRP-F18 cover_letter Continue retries an exact-base load and resets replayed ops (2.740042ms)
✔ SCRP-F19 cover_letter failed Stop never reports Stopped and stays recoverable (1.788709ms)
▶ diffWords: word-level A → B
  ✔ should return one unchanged run for identical text (0.976167ms)
  ✔ should mark only the words that changed (0.183791ms)
  ✔ should fold an unchanged gap of two words or fewer into one change (0.259084ms)
  ✔ should keep a gap of three words as unchanged text (0.124958ms)
  ✔ should treat punctuation as its own token and keep figures whole (0.10125ms)
  ✔ should show an added or emptied block as one insertion or deletion (0.055542ms)
✔ diffWords: word-level A → B (2.414959ms)
▶ diffNodes: which blocks differ
  ✔ should list changed, added and removed blocks in reading order and skip the same ones (0.252916ms)
  ✔ should report nothing when the wording is the same (0.087458ms)
  ✔ should keep the letter's blocks apart from the resume's (0.097709ms)
✔ diffNodes: which blocks differ (0.570209ms)
▶ sourceLabel
  ✔ should name every run source the server writes (0.10125ms)
✔ sourceLabel (0.137834ms)
▶ Versions rail rows
  ✔ should show each version's source, and View, Compare and Bring back on older ones (11.5075ms)
✔ Versions rail rows (11.616584ms)
▶ View
  ✔ should show an older version read-only and go back to the live preview (3.797875ms)
✔ View (3.899ms)
▶ Compare
  ✔ should mark the A → B wording and offer no accept controls (5.98375ms)
  ✔ should toggle with the c key, but not while typing (3.45775ms)
  ✔ should re-pick A from the select and say when nothing differs (3.106916ms)
  ✔ should leave compare when the document tab changes (4.650542ms)
✔ Compare (17.426125ms)
▶ Bring back as new
  ✔ should ask first, then append a version and delete none (4.784917ms)
  ✔ should keep every version and say so when the server refuses (6.1995ms)
✔ Bring back as new (11.202042ms)
▶ Keys from inside a View or Compare page (F3-trap)
  ✔ should take Tab, c and Esc from a compare page back to the desk (8.854709ms)
  ✔ should unhook a page's forwarder when its frame is replaced (5.792667ms)
✔ Keys from inside a View or Compare page (F3-trap) (14.77525ms)
▶ Bring back and an open proposal (F3-discard)
  ✔ should keep the proposal and say so when bring back fails (3.695625ms)
  ✔ should discard the proposal only after the new run exists (4.722334ms)
✔ Bring back and an open proposal (F3-discard) (8.690375ms)
▶ A page given the same document again (F3-rebind)
  ✔ should keep forwarding keys when View becomes Compare on the same render (4.774875ms)
  ✔ should keep the page still shown listening when a preview fails (4.3385ms)
✔ A page given the same document again (F3-rebind) (9.252375ms)
▶ A kept page with the last comparison's marks (F3-rebind)
  ✔ should reload the page rather than keep stale marks (6.585625ms)
✔ A kept page with the last comparison's marks (F3-rebind) (6.659916ms)
✔ SCRP-F20 resume committed bring-back 503 reports one saved version (5.748792ms)
✔ SCRP-F20 cover_letter committed bring-back 503 reports one saved version (4.236375ms)
✔ SCRP-F31 resume a late bring-back never reloads or discards the next document (2.922375ms)
✔ SCRP-F31 cover_letter a late bring-back never reloads or discards the next document (1.7555ms)
✔ SCRP-F32 resume saved bring-back with failed discard keeps recovery controls (3.410667ms)
✔ SCRP-F32 cover_letter saved bring-back with failed discard keeps recovery controls (2.530084ms)
✔ SCRP-F35 resume HTTP bring-back rate-limit keeps its explanation and retry action (2.196167ms)
✔ SCRP-F35 cover_letter HTTP bring-back rate-limit keeps its explanation and retry action (1.547625ms)
ℹ tests 215
ℹ suites 45
ℹ pass 215
ℹ fail 0
ℹ cancelled 0
ℹ skipped 0
ℹ todo 0
ℹ duration_ms 234.26025
