✔ B2-1 claims start before yielding to a concurrent call (12.766958ms)
✔ B2-1 marks accept as accepting before publish and rejects a duplicate (105.078958ms)
✔ B2-2 shares the publish claim with regenerate during accept (27.983958ms)
✔ B2-2 rechecks the expected base inside the claimed publish section (1.828ms)
✔ B2-3 reconnects to an in-flight stream through done and cleans up on response close (12.37675ms)
✔ B2-4 requires confirmation for manual facts absent from the ledger (25.038541ms)
✔ B2-4 rechecks selected proposal ops even if their flags are absent (25.857542ms)
✔ B2-5 applies proposal accept manualOps in the same saved run (23.098084ms)
✔ B2-7 keeps v0 pinned without calling it starred (1.493333ms)
✔ B2-8 lets only one of a racing reject and accept finish (44.505875ms)
✔ B2-9 validates the proposal and manual edit as one shape-valid batch (27.180959ms)
✔ B2-10 rejects a moved base after the publish claim is first read (18.851667ms)
✔ B2-12 preserves a stranded accepting status until rejection removes it (3.403708ms)
✔ service path validates proposal, stream, commit, restore and stale PDF without loopback (56.157709ms)
✖ service SSE emits blocked shape and Stop retains validated partial ops (12.819791ms)
✔ GET versions and model expose immutable runs, nodes and 404 errors (12.947125ms)
✔ legacy duplicate node ids do not block version history or read-only preview (19.286708ms)
✔ POST preview renders base plus validated ops without a browser (7.6765ms)
✔ POST preview renders valid draft models that fall outside edit shape limits (54.078042ms)
✔ POST edits enforces stale base and one open proposal; SSE event order and shape (10.732542ms)
✔ POST stop retains partial ops and rejects an unknown proposal (12.419625ms)
✔ POST accept writes selected ops as a new run and rejects unconfirmed or stale edits (26.982792ms)
✔ POST accept returns 503 browser_unavailable after saving HTML and a stale-PDF run (16.265375ms)
✔ DELETE proposal rejects all and leaves the run untouched (6.020709ms)
✔ POST manual saves a manual version and rejects cross-document ops (19.150916ms)
✔ POST restore appends a new run without deleting its source and errors on an unknown source (17.960792ms)
✔ PUT star stores only stars in versions.json and keeps v0 pinned (27.477666ms)
✔ all Scribe routes honor pending.json before edits (4.414583ms)
✔ edits historical single-document runs without validating an unrequested shell (45.539334ms)
✔ all-scope proposals stay within the selected document (6.176625ms)
✔ manual edits and restores retain the historical source document feature (24.10225ms)
✔ keeps malformed requested documents and ambiguous both-document runs blocked (2.964541ms)
✔ edits the latest version of either document after a sibling-only run (42.8395ms)
✔ rejected repair versions cannot become the current editable document (3.84625ms)
✔ allows retry after every proposed edit was blocked (7.637125ms)
✔ editing an older combined run preserves the newer sibling document (33.245625ms)
✔ edits a legacy two-paragraph letter using its existing sentences (20.194ms)
✔ keeps unsplittable legacy letters and other invalid models blocked (1.2855ms)
✔ legacy paragraph splitting preserves link labels and refuses ambiguous shapes (6.865834ms)
▶ materials edit proposal
  ✔ keeps only validated ops and reports their effect (58.277875ms)
  ✔ blocks locked spans, out-of-scope edits and shape violations (3.442333ms)
  ✔ flags invented numbers, names, dates and a missing insert claim (1.744208ms)
  ✔ flags lowercase tools, months, number words and a reused-word title (6.246792ms)
  ✔ flags title phrases regardless of case or function words (5.376834ms)
  ✔ leaves ordinary paraphrase words and inflections unflagged (9.142541ms)
  ✔ normalizes numeric punctuation, ranges and curly apostrophes (4.9745ms)
  ✔ checks every review-round novelty and trust case (54.106708ms)
  ✔ checks the plain text that applyOps stores (1.446708ms)
  ✔ keeps an invented fact unverified when a later op repeats it (2.385833ms)
  ✔ fences job posting, node and ledger data away from the instruction (1.025959ms)
  ✔ reports more than twenty percent loss (1.082458ms)
  ✔ turns junk model output into a blocked empty proposal (0.236583ms)
✔ materials edit proposal (150.247208ms)
✔ assigns proposal-local IDs when the model omits edit IDs (0.913333ms)
✔ keeps duplicate IDs and malformed edit fields invalid (0.7545ms)
▶ materials node ids and edits
  ✔ keeps ids stable across runs and template retargeting (31.183ms)
  ✔ reports exact metric and letter number spans and whole locked nodes (0.3845ms)
  ✔ replaces, inserts and removes on a clone, keeping the model valid (40.762667ms)
  ✔ refuses locked, out-of-scope, and shape-breaking batches without mutation (1.632417ms)
  ✔ enforces statement and letter paragraph limits by actual text and count (2.534625ms)
✔ materials node ids and edits (77.133417ms)
✔ edits a published five-bullet employer without dropping its proof (0.266458ms)
ℹ tests 60
ℹ suites 2
ℹ pass 59
ℹ fail 1
ℹ cancelled 0
ℹ skipped 0
ℹ todo 0
ℹ duration_ms 1061.996542

✖ failing tests:

test at tests/integration/materials-edit-api.test.mjs:386:1
✖ service SSE emits blocked shape and Stop retains validated partial ops (12.819791ms)
  AssertionError [ERR_ASSERTION]: The input did not match the regular expression /event: done\ndata: {"status":"partial"}/. Input:
  
  'event: stage\n' +
    'data: {"stage":"reading"}\n' +
    '\n' +
    'event: stage\n' +
    'data: {"stage":"drafting"}\n' +
    '\n' +
    'event: stage\n' +
    'data: {"stage":"checking facts"}\n' +
    '\n' +
    'event: stage\n' +
    'data: {"stage":"checking","done":2,"total":2}\n' +
    '\n' +
    'event: op\n' +
    'data: {"op":{"opId":"o1","op":"replace","node":"line:beta","text":"Tracked shipments."}}\n' +
    '\n' +
    'event: op\n' +
    'data: {"op":{"opId":"o2","op":"replace","node":"b:acme:c14","text":"Measured carrier delays and reduced fulfillment delays 38%."}}\n' +
    '\n' +
    'event: stage\n' +
    'data: {"stage":"measuring"}\n' +
    '\n' +
    'event: proposal\n' +
    'data: {"summary":{"changes":2,"removals":0,"wordsDelta":-8,"lossPct":8,"pages":1,"unverified":0},"factCheck":"fallback","factCheckReason":"Model fact-check reply was invalid; token check used."}\n' +
    '\n' +
    'event: proposal\n' +
    'data: {"summary":{"changes":2,"removals":0,"wordsDelta":-8,"lossPct":8,"pages":1,"unverified":0},"factCheck":"fallback","factCheckReason":"Model fact-check reply was invalid; token check used."}\n' +
    '\n' +
    'event: done\n' +
    'data: {"status":"ready"}\n' +
    '\n'
  
      at TestContext.<anonymous> (file:///Users/emilionunezgarcia/Job-Bored/.worktrees/scribe-editor-fix/tests/integration/materials-edit-api.test.mjs:417:10)
      at async Test.run (node:internal/test_runner/test:1113:7)
      at async Test.processPendingSubtests (node:internal/test_runner/test:788:7) {
    generatedMessage: true,
    code: 'ERR_ASSERTION',
    actual: 'event: stage\ndata: {"stage":"reading"}\n\nevent: stage\ndata: {"stage":"drafting"}\n\nevent: stage\ndata: {"stage":"checking facts"}\n\nevent: stage\ndata: {"stage":"checking","done":2,"total":2}\n\nevent: op\ndata: {"op":{"opId":"o1","op":"replace","node":"line:beta","text":"Tracked shipments."}}\n\nevent: op\ndata: {"op":{"opId":"o2","op":"replace","node":"b:acme:c14","text":"Measured carrier delays and reduced fulfillment delays 38%."}}\n\nevent: stage\ndata: {"stage":"measuring"}\n\nevent: proposal\ndata: {"summary":{"changes":2,"removals":0,"wordsDelta":-8,"lossPct":8,"pages":1,"unverified":0},"factCheck":"fallback","factCheckReason":"Model fact-check reply was invalid; token check used."}\n\nevent: proposal\ndata: {"summary":{"changes":2,"removals":0,"wordsDelta":-8,"lossPct":8,"pages":1,"unverified":0},"factCheck":"fallback","factCheckReason":"Model fact-check reply was invalid; token check used."}\n\nevent: done\ndata: {"status":"ready"}\n\n',
    expected: /event: done\ndata: {"status":"partial"}/,
    operator: 'match',
    diff: 'simple'
  }
